------------------------------------------------------------
TimeQuest Timing Analyzer Summary
------------------------------------------------------------

Type  : Slow 1200mV 85C Model Setup 'clk'
Slack : -0.675
TNS   : -3.280

Type  : Slow 1200mV 85C Model Hold 'clk'
Slack : 0.339
TNS   : 0.000

Type  : Slow 1200mV 85C Model Recovery 'clk'
Slack : -1.300
TNS   : -7.988

Type  : Slow 1200mV 85C Model Removal 'clk'
Slack : 1.346
TNS   : 0.000

Type  : Slow 1200mV 85C Model Minimum Pulse Width 'clk'
Slack : -3.000
TNS   : -12.000

Type  : Slow 1200mV 0C Model Setup 'clk'
Slack : -0.493
TNS   : -2.072

Type  : Slow 1200mV 0C Model Hold 'clk'
Slack : 0.292
TNS   : 0.000

Type  : Slow 1200mV 0C Model Recovery 'clk'
Slack : -1.058
TNS   : -6.482

Type  : Slow 1200mV 0C Model Removal 'clk'
Slack : 1.203
TNS   : 0.000

Type  : Slow 1200mV 0C Model Minimum Pulse Width 'clk'
Slack : -3.000
TNS   : -12.000

Type  : Fast 1200mV 0C Model Setup 'clk'
Slack : 0.051
TNS   : 0.000

Type  : Fast 1200mV 0C Model Hold 'clk'
Slack : 0.167
TNS   : 0.000

Type  : Fast 1200mV 0C Model Recovery 'clk'
Slack : -0.313
TNS   : -1.411

Type  : Fast 1200mV 0C Model Removal 'clk'
Slack : 0.732
TNS   : 0.000

Type  : Fast 1200mV 0C Model Minimum Pulse Width 'clk'
Slack : -3.000
TNS   : -12.504

------------------------------------------------------------
